uci_har phi=0.1 fedavg          auc=0.8320 lr=0.06 {}
uci_har phi=0.1 fedavg_q8       auc=0.8359 lr=0.06 {}
uci_har phi=0.1 fedavg_paced    auc=0.8343 lr=0.12 {}
uci_har phi=0.1 static_depth    auc=0.8639 lr=0.25 {}
uci_har phi=0.1 fedprox         auc=0.8311 lr=0.12 {'mu': 0.01}
uci_har phi=0.1 oort            auc=0.8375 lr=0.12 {'eps': 0.3, 'xi': 1.0}
uci_har phi=0.1 energy_greedy   auc=0.8602 lr=0.06 {'eps': 0.1}
uci_har phi=0.1 ecofed          auc=0.8589 lr=0.12 {'V': 2.0, 'gamma_pow': 0.5, 'q_floor': 0.1, 'rho_min': 0.3}
uci_har phi=0.25 fedavg          auc=0.8609 lr=0.06 {}
uci_har phi=0.25 fedavg_q8       auc=0.8702 lr=0.06 {}
uci_har phi=0.25 fedavg_paced    auc=0.8610 lr=0.12 {}
uci_har phi=0.25 static_depth    auc=0.8951 lr=0.25 {}
uci_har phi=0.25 fedprox         auc=0.8600 lr=0.06 {'mu': 0.1}
uci_har phi=0.25 oort            auc=0.8797 lr=0.06 {'eps': 0.1, 'xi': 2.0}
uci_har phi=0.25 energy_greedy   auc=0.8848 lr=0.06 {'eps': 0.1}
uci_har phi=0.25 ecofed          auc=0.8922 lr=0.25 {'V': 2.0, 'gamma_pow': 0.5, 'q_floor': 0.3, 'rho_min': 0.3}
pamap2 phi=0.1 fedavg          auc=0.3730 lr=0.06 {}
pamap2 phi=0.1 fedavg_q8       auc=0.3691 lr=0.06 {}
pamap2 phi=0.1 fedavg_paced    auc=0.3552 lr=0.25 {}
pamap2 phi=0.1 static_depth    auc=0.4468 lr=0.06 {}
pamap2 phi=0.1 fedprox         auc=0.3713 lr=0.06 {'mu': 0.001}
pamap2 phi=0.1 oort            auc=0.3751 lr=0.06 {'eps': 0.3, 'xi': 1.0}
pamap2 phi=0.1 energy_greedy   auc=0.3844 lr=0.12 {'eps': 0.3}
pamap2 phi=0.1 ecofed          auc=0.4624 lr=0.12 {'V': 2.0, 'gamma_pow': 0.5, 'q_floor': 0.1, 'rho_min': 0.6}
pamap2 phi=0.25 fedavg          auc=0.4160 lr=0.06 {}
pamap2 phi=0.25 fedavg_q8       auc=0.4342 lr=0.06 {}
pamap2 phi=0.25 fedavg_paced    auc=0.4507 lr=0.25 {}
pamap2 phi=0.25 static_depth    auc=0.5168 lr=0.25 {}
pamap2 phi=0.25 fedprox         auc=0.4146 lr=0.06 {'mu': 0.01}
pamap2 phi=0.25 oort            auc=0.4460 lr=0.12 {'eps': 0.1, 'xi': 1.0}
pamap2 phi=0.25 energy_greedy   auc=0.4432 lr=0.06 {'eps': 0.1}
pamap2 phi=0.25 ecofed          auc=0.5760 lr=0.25 {'V': 2.0, 'gamma_pow': 0.5, 'q_floor': 0.1, 'rho_min': 0.3}
